- apiVersion: v1
  kind: Pod
  metadata:
    creationTimestamp: null
    name: test-46
    namespace: test
    ownerReferences:
    - apiVersion: pullup.dev/v1alpha1
      blockOwnerDeletion: true
      controller: true
      kind: ResourceSet
      name: test-46
      uid: ""
    selfLink: /api/v1/namespaces/test/pods/test-46
  spec:
    containers:
    - image: gcr.io/test/foo
      imagePullPolicy: Always
      name: foo
      resources: {}
      terminationMessagePath: /dev/termination-log
      terminationMessagePolicy: File
    dnsPolicy: ClusterFirst
    restartPolicy: Always
    schedulerName: default-scheduler
    securityContext: {}
    terminationGracePeriodSeconds: 30
  status:
    phase: Pending
    qosClass: BestEffort
